// Jest Snapshot v1, https://goo.gl/fbAQLP

exports[`snapshot props 1`] = `
<DocumentFragment>
  <div
    class="sc-bwzfXH ikXzqv"
  >
    <div>
      <img
        src="https://gd.mlb.com/images/gameday/mugshots/mlb/@2x.jpg"
        style="vertical-align: middle; width: 60px; height: 60px; border-radius: 50%;"
      />
    </div>
    <div
      class="contents"
    >
      <h3>
        test
      </h3>
      <span
        class="sc-bdVaJa ldkgbU"
      />
      <p>
        From : astros
      </p>
      <p>
        To : hou
      </p>
      <p>
        test
      </p>
    </div>
  </div>
</DocumentFragment>
`;
