// Jest Snapshot v1, https://goo.gl/fbAQLP

exports[`snapshot props 1`] = `
<DocumentFragment>
  <div
    class="sc-bwzfXH iOYpmp"
  >
    <div>
      <img
        src="https://content.mlb.com/images/headshots/current/60x60/@2x.png"
        style="width: 80px; height: auto; vertical-align: middle;"
      />
    </div>
    <div
      class="contents"
    >
      <h3>
        test
      </h3>
      <span
        class="sc-bdVaJa ldkgbU"
      />
      <p>
        From : astros
      </p>
      <p>
        To : hou
      </p>
      <p>
        test
      </p>
    </div>
  </div>
</DocumentFragment>
`;
