// Jest Snapshot v1, https://goo.gl/fbAQLP

exports[`snapshot props 1`] = `
<DocumentFragment>
  <div
    class="sc-bwzfXH iTsgVA"
  >
    <img
      class="sc-bdVaJa kMRhbV"
      src="https://content.mlb.com/images/headshots/current/60x60/@2x.png"
    />
  </div>
  <div
    class="sc-bZQynM EvJhB"
  >
    <div
      class="sc-EHOje gUATjZ"
    >
      <p
        class="sc-htpNat jzBxlJ"
      >
        astros
      </p>
      <div
        class="sc-ifAKCX dALShg"
      >
        <div>
          <span
            class="sc-bxivhb isBNKu"
          />
        </div>
      </div>
    </div>
    <p
      class="sc-htpNat cDhceQ"
    >
      test
    </p>
    <p
      class="sc-htpNat fwYXhw"
    >
      test
    </p>
  </div>
</DocumentFragment>
`;
